// Jest Snapshot v1, https://goo.gl/fbAQLP

exports[`Title displays a Title 1`] = `
<div>
  <div>
    <div
      class="mui-typography-mock"
    >
      subject
    </div>
    <div
      sx="[object Object]"
    >
      <div
        class="mock_PersonIcon"
      />
      <div
        class="mui-typography-mock"
      >
        author
      </div>
    </div>
    <div>
      <div
        class="mock_AccessTimeIcon"
      />
      <div
        class="mui-typography-mock"
      >
        Le 14/03/2022 Ã  06:38
      </div>
    </div>
  </div>
</div>
`;
