// Jest Snapshot v1, https://goo.gl/fbAQLP

exports[`Container displays grid 1`] = `
<div>
  <div
    data-sx="foo"
  >
    Foo
  </div>
</div>
`;
