// Jest Snapshot v1, https://goo.gl/fbAQLP

exports[`PageTitle displays a title 1`] = `
<div>
  <div
    class="title"
  >
    Title for test
  </div>
</div>
`;
