// Jest Snapshot v1, https://goo.gl/fbAQLP

exports[`Percentage displays percentage from number 1`] = `
<div>
  12.35%
</div>
`;

exports[`Percentage displays percentage from text 1`] = `
<div>
  12.35%
</div>
`;
