// Jest Snapshot v1, https://goo.gl/fbAQLP

exports[`UIContainer displays grid 1`] = `
<div>
  <div
    class="root fooClass"
  >
    Foo
  </div>
</div>
`;
