// Jest Snapshot v1, https://goo.gl/fbAQLP

exports[`Spinner displays spinner 1`] = `
<div>
  <div
    class="mock-grid container "
  >
    <div
      class="mock-grid  item"
    >
      <div>
        mock-circular-progress
      </div>
    </div>
    <div
      class="mock-grid  item"
    >
      <strong>
        Page en cours de chargement
      </strong>
    </div>
  </div>
</div>
`;
