// Jest Snapshot v1, https://goo.gl/fbAQLP

exports[`Button displays button 1`] = `
<div>
  <div
    class="mui-button-mock"
  >
    Foo
  </div>
</div>
`;
