// Jest Snapshot v1, https://goo.gl/fbAQLP

exports[`Button displays button 1`] = `
<div>
  <div
    data-testid="mui-button-mock"
    sx="foo"
    variant="contained"
  >
    Foo
  </div>
</div>
`;
